
> backend@1.0.0 test
> cross-env NODE_ENV=test NODE_OPTIONS=--experimental-vm-modules jest --detectOpenHandles --forceExit

  console.log
    [dotenv@17.3.1] injecting env (4) from .env -- tip: ΓÜÖ∩╕Å  enable debug logging with { debug: true }

      at _log (node_modules/dotenv/lib/main.js:139:11)

node.exe : (node:20896) ExperimentalWarning: VM Modules 
is an experimental feature and might change at any time
At line:1 char:1
+ & "C:\Program Files\nodejs/node.exe" "C:\Program 
Files\nodejs/node_mo ...
+ ~~~~~~~~~~~~~~~~~~~~~~~~~~~~~~~~~~~~~~~~~~~~~~~~~~~~~~
~~~~~~~~~~~~~~~
    + CategoryInfo          : NotSpecified: ((node:2089 
   6) Ex...nge at any time:String) [], RemoteException
    + FullyQualifiedErrorId : NativeCommandError
 
(Use `node --trace-warnings ...` to show where the 
warning was created)
  console.log
    MongoDB Connected: 127.0.0.1

      at log (config/db.js:6:13)

  console.error
    DEBUG ERROR: { message: 'next is not a function' }

    [0m [90m 108 |[39m       
     [90m 109 |[39m       [36mif[39m (res[33m.[39mstatusCode [33m!==[39m [35m200[39m) {
    [31m[1m>[22m[39m[90m 110 |[39m         console[33m.[39merror([32m"DEBUG ERROR:"[39m[33m,[39m res[33m.[39mbody)[33m;[39m
     [90m     |[39m                 [31m[1m^[22m[39m
     [90m 111 |[39m       }
     [90m 112 |[39m
     [90m 113 |[39m       expect(res[33m.[39mstatusCode)[33m.[39mtoBe([35m200[39m)[33m;[39m[0m

      at Object.error (api.test.js:110:17)

FAIL ./api.test.js
  CareerPath API E2E Testing
    Auth Logic
      ΓêÜ should register a new user successfully (139 
ms)
      ΓêÜ should not allow duplicate email 
registrations (14 ms)
      ΓêÜ should log in a user and return a token (93 
ms)
      ΓêÜ should fail login with incorrect password (82 
ms)
    User Profile & Preferences
      ΓêÜ should retrieve the user profile using 
short-lived JWT (17 ms)
      ΓêÜ should fail profile fetch without Auth token 
(Protected route) (9 ms)
      ├ù should update user studentProfile references 
(22 ms)
    College Explorer
      ΓêÜ should return empty list if no colleges added 
(16 ms)
      ΓêÜ should block non-admins from creating a 
college (25 ms)

  ΓùÅ CareerPath API E2E Testing ΓÇ║ User Profile & 
Preferences ΓÇ║ should update user studentProfile 
references

    expect(received).toBe(expected) // Object.is 
equality

    Expected: 200
    Received: 500

    [0m [90m 111 |[39m       }
     [90m 112 |[39m
    [31m[1m>[22m[39m[90m 113 |[39m       expect(re
s[33m.[39mstatusCode)[33m.[39mtoBe([35m200[39m)[3
3m;[39m
     [90m     |[39m                              
[31m[1m^[22m[39m
     [90m 114 |[39m       expect(res[33m.[39mbody[3
3m.[39mstudentProfile[33m.[39mbudget)[33m.[39mtoBe(
[32m"$20000"[39m)[33m;[39m
     [90m 115 |[39m       expect(res[33m.[39mbody[3
3m.[39mstudentProfile[33m.[39mmarks10)[33m.[39mtoBe
([35m95[39m)[33m;[39m
     [90m 116 |[39m     })[33m;[39m[0m

      at Object.toBe (api.test.js:113:30)

Test Suites: 1 failed, 1 total
Tests:       1 failed, 8 passed, 9 total
Snapshots:   0 total
Time:        1.541 s, estimated 2 s
Ran all test suites.
